Archive member included to satisfy reference by file (symbol)

c:/arduino-1.8.19/hardware/tools/avr/bin/../lib/gcc/avr/7.3.0/avr5\libgcc.a(_udivmodhi4.o)
                              C:\RTprog2023\obj\hal_robo.o (__udivmodhi4)
c:/arduino-1.8.19/hardware/tools/avr/bin/../lib/gcc/avr/7.3.0/avr5\libgcc.a(_divmodhi4.o)
                              C:\RTprog2023\obj\hal_robo.o (__divmodhi4)
c:/arduino-1.8.19/hardware/tools/avr/bin/../lib/gcc/avr/7.3.0/avr5\libgcc.a(_udivmodsi4.o)
                              C:\RTprog2023\obj\kernel.o (__udivmodsi4)
c:/arduino-1.8.19/hardware/tools/avr/bin/../lib/gcc/avr/7.3.0/avr5\libgcc.a(_exit.o)
                              c:/arduino-1.8.19/hardware/tools/avr/bin/../lib/gcc/avr/7.3.0/../../../../avr/lib/avr5/crtatmega328p.o (exit)
c:/arduino-1.8.19/hardware/tools/avr/bin/../lib/gcc/avr/7.3.0/avr5\libgcc.a(_copy_data.o)
                              C:\RTprog2023\obj\hal_robo.o (__do_copy_data)
c:/arduino-1.8.19/hardware/tools/avr/bin/../lib/gcc/avr/7.3.0/avr5\libgcc.a(_clear_bss.o)
                              robokargame.o (__do_clear_bss)
c:/arduino-1.8.19/hardware/tools/avr/bin/../lib/gcc/avr/7.3.0/avr5\libgcc.a(_umulhisi3.o)
                              C:\RTprog2023\obj\kernel.o (__umulhisi3)
c:/arduino-1.8.19/hardware/tools/avr/bin/../lib/gcc/avr/7.3.0/avr5\libgcc.a(_muluhisi3.o)
                              C:\RTprog2023\obj\kernel.o (__muluhisi3)

Allocating common symbols
Common symbol       size              file

ChkCollideStk       0x80              robokargame.o
OSLockNesting       0x1               C:\RTprog2023\obj\kernel.o
OSRunning           0x1               C:\RTprog2023\obj\kernel.o
OSIdleCtr           0x4               C:\RTprog2023\obj\kernel.o
OSPrioHighRdy       0x1               C:\RTprog2023\obj\kernel.o
OSPrioCur           0x1               C:\RTprog2023\obj\kernel.o
OSTCBList           0x2               C:\RTprog2023\obj\kernel.o
OSCtxSwCtr          0x4               C:\RTprog2023\obj\kernel.o
myrobot             0x5               robokargame.o
rightWst            0x4               C:\RTprog2023\obj\hal_robo.o
OSTCBFreeList       0x2               C:\RTprog2023\obj\kernel.o
OSTaskCtr           0x1               C:\RTprog2023\obj\kernel.o
leftWst             0x4               C:\RTprog2023\obj\hal_robo.o
CtrlmotorStk        0x80              robokargame.o
OSTCBHighRdy        0x2               C:\RTprog2023\obj\kernel.o
OSRdyGrp            0x1               C:\RTprog2023\obj\kernel.o
OSRdyTbl            0x3               C:\RTprog2023\obj\kernel.o
OSIntExitY          0x1               C:\RTprog2023\obj\kernel.o
OSIntNesting        0x1               C:\RTprog2023\obj\kernel.o
TaskStartStk        0x80              robokargame.o
OSTCBCur            0x2               C:\RTprog2023\obj\kernel.o
OSTaskIdleStk       0x40              C:\RTprog2023\obj\kernel.o
OSTCBTbl            0xff              C:\RTprog2023\obj\kernel.o
OSTCBPrioTbl        0x22              C:\RTprog2023\obj\kernel.o
NavigStk            0x80              robokargame.o

Memory Configuration

Name             Origin             Length             Attributes
text             0x00000000         0x00002000         xr
data             0x00800060         0x0000ffa0         rw !x
eeprom           0x00810000         0x00010000         rw !x
fuse             0x00820000         0x00000400         rw !x
lock             0x00830000         0x00000400         rw !x
signature        0x00840000         0x00000400         rw !x
user_signatures  0x00850000         0x00000400         rw !x
*default*        0x00000000         0xffffffff

Linker script and memory map

Address of section .data set to 0x800100
LOAD c:/arduino-1.8.19/hardware/tools/avr/bin/../lib/gcc/avr/7.3.0/../../../../avr/lib/avr5/crtatmega328p.o
LOAD robokargame.o
LOAD C:\RTprog2023\obj\hal_robo.o
LOAD C:\RTprog2023\obj\kernel.o
START GROUP
LOAD c:/arduino-1.8.19/hardware/tools/avr/bin/../lib/gcc/avr/7.3.0/avr5\libgcc.a
LOAD c:/arduino-1.8.19/hardware/tools/avr/bin/../lib/gcc/avr/7.3.0/../../../../avr/lib/avr5\libm.a
LOAD c:/arduino-1.8.19/hardware/tools/avr/bin/../lib/gcc/avr/7.3.0/../../../../avr/lib/avr5\libc.a
LOAD c:/arduino-1.8.19/hardware/tools/avr/bin/../lib/gcc/avr/7.3.0/../../../../avr/lib/avr5\libatmega328p.a
END GROUP
                [0x00002000]                __TEXT_REGION_LENGTH__ = DEFINED (__TEXT_REGION_LENGTH__)?__TEXT_REGION_LENGTH__:0x20000
                [0x0000ffa0]                __DATA_REGION_LENGTH__ = DEFINED (__DATA_REGION_LENGTH__)?__DATA_REGION_LENGTH__:0xffa0
                [0x00010000]                __EEPROM_REGION_LENGTH__ = DEFINED (__EEPROM_REGION_LENGTH__)?__EEPROM_REGION_LENGTH__:0x10000
                [0x00000400]                __FUSE_REGION_LENGTH__ = DEFINED (__FUSE_REGION_LENGTH__)?__FUSE_REGION_LENGTH__:0x400
                [0x00000400]                __LOCK_REGION_LENGTH__ = DEFINED (__LOCK_REGION_LENGTH__)?__LOCK_REGION_LENGTH__:0x400
                [0x00000400]                __SIGNATURE_REGION_LENGTH__ = DEFINED (__SIGNATURE_REGION_LENGTH__)?__SIGNATURE_REGION_LENGTH__:0x400
                [0x00000400]                __USER_SIGNATURE_REGION_LENGTH__ = DEFINED (__USER_SIGNATURE_REGION_LENGTH__)?__USER_SIGNATURE_REGION_LENGTH__:0x400
                [0x00800060]                __DATA_REGION_ORIGIN__ = DEFINED (__DATA_REGION_ORIGIN__)?__DATA_REGION_ORIGIN__:0x800060

.hash
 *(.hash)

.dynsym
 *(.dynsym)

.dynstr
 *(.dynstr)

.gnu.version
 *(.gnu.version)

.gnu.version_d
 *(.gnu.version_d)

.gnu.version_r
 *(.gnu.version_r)

.rel.init
 *(.rel.init)

.rela.init
 *(.rela.init)

.rel.text
 *(.rel.text)
 *(.rel.text.*)
 *(.rel.gnu.linkonce.t*)

.rela.text
 *(.rela.text)
 *(.rela.text.*)
 *(.rela.gnu.linkonce.t*)

.rel.fini
 *(.rel.fini)

.rela.fini
 *(.rela.fini)

.rel.rodata
 *(.rel.rodata)
 *(.rel.rodata.*)
 *(.rel.gnu.linkonce.r*)

.rela.rodata
 *(.rela.rodata)
 *(.rela.rodata.*)
 *(.rela.gnu.linkonce.r*)

.rel.data
 *(.rel.data)
 *(.rel.data.*)
 *(.rel.gnu.linkonce.d*)

.rela.data
 *(.rela.data)
 *(.rela.data.*)
 *(.rela.gnu.linkonce.d*)

.rel.ctors
 *(.rel.ctors)

.rela.ctors
 *(.rela.ctors)

.rel.dtors
 *(.rel.dtors)

.rela.dtors
 *(.rela.dtors)

.rel.got
 *(.rel.got)

.rela.got
 *(.rela.got)

.rel.bss
 *(.rel.bss)

.rela.bss
 *(.rela.bss)

.rel.plt
 *(.rel.plt)

.rela.plt
 *(.rela.plt)

.text           0x00000000     0x120e
 *(.vectors)
 .vectors       0x00000000       0x68 c:/arduino-1.8.19/hardware/tools/avr/bin/../lib/gcc/avr/7.3.0/../../../../avr/lib/avr5/crtatmega328p.o
                0x00000000                __vector_default
                0x00000000                __vectors
 *(.vectors)
 *(.progmem.gcc*)
                0x00000068                . = ALIGN (0x2)
                0x00000068                __trampolines_start = .
 *(.trampolines)
 .trampolines   0x00000068        0x0 linker stubs
 *(.trampolines*)
                0x00000068                __trampolines_end = .
 *libprintf_flt.a:*(.progmem.data)
 *libc.a:*(.progmem.data)
 *(.progmem*)
                0x00000068                . = ALIGN (0x2)
 *(.jumptables)
 *(.jumptables*)
 *(.lowtext)
 *(.lowtext*)
                0x00000068                __ctors_start = .
 *(.ctors)
                0x00000068                __ctors_end = .
                0x00000068                __dtors_start = .
 *(.dtors)
                0x00000068                __dtors_end = .
 SORT(*)(.ctors)
 SORT(*)(.dtors)
 *(.init0)
 .init0         0x00000068        0x0 c:/arduino-1.8.19/hardware/tools/avr/bin/../lib/gcc/avr/7.3.0/../../../../avr/lib/avr5/crtatmega328p.o
                0x00000068                __init
 *(.init0)
 *(.init1)
 *(.init1)
 *(.init2)
 .init2         0x00000068        0xc c:/arduino-1.8.19/hardware/tools/avr/bin/../lib/gcc/avr/7.3.0/../../../../avr/lib/avr5/crtatmega328p.o
 *(.init2)
 *(.init3)
 *(.init3)
 *(.init4)
 .init4         0x00000074       0x16 c:/arduino-1.8.19/hardware/tools/avr/bin/../lib/gcc/avr/7.3.0/avr5\libgcc.a(_copy_data.o)
                0x00000074                __do_copy_data
 .init4         0x0000008a       0x10 c:/arduino-1.8.19/hardware/tools/avr/bin/../lib/gcc/avr/7.3.0/avr5\libgcc.a(_clear_bss.o)
                0x0000008a                __do_clear_bss
 *(.init4)
 *(.init5)
 *(.init5)
 *(.init6)
 *(.init6)
 *(.init7)
 *(.init7)
 *(.init8)
 *(.init8)
 *(.init9)
 .init9         0x0000009a        0x8 c:/arduino-1.8.19/hardware/tools/avr/bin/../lib/gcc/avr/7.3.0/../../../../avr/lib/avr5/crtatmega328p.o
 *(.init9)
 *(.text)
 .text          0x000000a2        0x4 c:/arduino-1.8.19/hardware/tools/avr/bin/../lib/gcc/avr/7.3.0/../../../../avr/lib/avr5/crtatmega328p.o
                0x000000a2                __vector_22
                0x000000a2                __vector_1
                0x000000a2                __vector_24
                0x000000a2                __vector_12
                0x000000a2                __bad_interrupt
                0x000000a2                __vector_6
                0x000000a2                __vector_3
                0x000000a2                __vector_23
                0x000000a2                __vector_25
                0x000000a2                __vector_11
                0x000000a2                __vector_13
                0x000000a2                __vector_17
                0x000000a2                __vector_19
                0x000000a2                __vector_7
                0x000000a2                __vector_5
                0x000000a2                __vector_4
                0x000000a2                __vector_9
                0x000000a2                __vector_2
                0x000000a2                __vector_21
                0x000000a2                __vector_15
                0x000000a2                __vector_8
                0x000000a2                __vector_14
                0x000000a2                __vector_10
                0x000000a2                __vector_18
                0x000000a2                __vector_20
 .text          0x000000a6      0x1a0 robokargame.o
                0x000000a6                CheckCollision
                0x000000ca                CntrlMotors
                0x000000ee                Navig
                0x000001f4                TaskStart
 .text          0x00000246      0x4c2 C:\RTprog2023\obj\hal_robo.o
                0x00000246                ADC_init
                0x00000254                ADC_read
                0x00000286                PWM8_write
                0x0000029e                motor_init
                0x000002e4                motor_set_speed
                0x0000032c                motor_set_dir
                0x000003d6                robo_motorSpeed
                0x00000432                USART0_init
                0x0000044c                cputchar
                0x0000045a                cgetchar
                0x00000474                cputs
                0x0000048c                robo_proxSensor
                0x000004a4                robo_lightSensor
                0x000004d2                robo_lineSensor
                0x000004fa                robo_bumpSensorR
                0x0000050a                robo_bumpSensorL
                0x0000051c                robo_Honk
                0x00000546                robo_checkBattery
                0x0000055a                robo_goPressed
                0x00000568                robo_wait4goPress
                0x00000572                OS_ticks_init
                0x00000586                HAL_init
                0x00000590                robo_Setup
                0x000005c8                cprintf
 .text          0x00000708      0x9f2 C:\RTprog2023\obj\kernel.o
                0x00000708                OSStartHighRdy
                0x00000768                OSCtxSw
                0x00000822                OSIntCtxSw
                0x00000888                OSTickISR
                0x00000888                __vector_16
                0x00000946                OSTaskStkInit
                0x000009da                OSTaskCreateHook
                0x000009dc                OSTaskDelHook
                0x000009de                OSTaskSwHook
                0x000009e0                OSTaskStatHook
                0x000009e2                OSTimeTickHook
                0x000009e4                OSInitHookBegin
                0x000009e6                OSInitHookEnd
                0x000009e8                OSTaskIdleHook
                0x000009ea                OSTCBInitHook
                0x000009ec                OS_TaskIdle
                0x00000a1c                OSIntEnter
                0x00000a34                OSIntExit
                0x00000ad8                OSSchedLock
                0x00000af4                OSStart
                0x00000b4e                OSTimeTick
                0x00000bb4                OSVersion
                0x00000bba                OS_Dummy
                0x00000bbc                OS_Sched
                0x00000c44                OSSchedUnlock
                0x00000cbe                OS_TCBInit
                0x00000d82                OSTaskCreate
                0x00000e2c                OSInit
                0x00000ee0                OSTaskDel
                0x00000fe4                OSTaskDelReq
                0x0000101a                OSTimeDly
                0x00001024                OSTimeDlyHMSM
 .text          0x000010fa        0x0 c:/arduino-1.8.19/hardware/tools/avr/bin/../lib/gcc/avr/7.3.0/avr5\libgcc.a(_udivmodhi4.o)
 .text          0x000010fa        0x0 c:/arduino-1.8.19/hardware/tools/avr/bin/../lib/gcc/avr/7.3.0/avr5\libgcc.a(_divmodhi4.o)
 .text          0x000010fa        0x0 c:/arduino-1.8.19/hardware/tools/avr/bin/../lib/gcc/avr/7.3.0/avr5\libgcc.a(_udivmodsi4.o)
 .text          0x000010fa        0x0 c:/arduino-1.8.19/hardware/tools/avr/bin/../lib/gcc/avr/7.3.0/avr5\libgcc.a(_exit.o)
 .text          0x000010fa        0x0 c:/arduino-1.8.19/hardware/tools/avr/bin/../lib/gcc/avr/7.3.0/avr5\libgcc.a(_copy_data.o)
 .text          0x000010fa        0x0 c:/arduino-1.8.19/hardware/tools/avr/bin/../lib/gcc/avr/7.3.0/avr5\libgcc.a(_clear_bss.o)
 .text          0x000010fa        0x0 c:/arduino-1.8.19/hardware/tools/avr/bin/../lib/gcc/avr/7.3.0/avr5\libgcc.a(_umulhisi3.o)
 .text          0x000010fa        0x0 c:/arduino-1.8.19/hardware/tools/avr/bin/../lib/gcc/avr/7.3.0/avr5\libgcc.a(_muluhisi3.o)
                0x000010fa                . = ALIGN (0x2)
 *(.text.*)
 .text.startup  0x000010fa       0x48 robokargame.o
                0x000010fa                main
 .text.libgcc.mul
                0x00001142        0x0 c:/arduino-1.8.19/hardware/tools/avr/bin/../lib/gcc/avr/7.3.0/avr5\libgcc.a(_udivmodhi4.o)
 .text.libgcc.div
                0x00001142       0x28 c:/arduino-1.8.19/hardware/tools/avr/bin/../lib/gcc/avr/7.3.0/avr5\libgcc.a(_udivmodhi4.o)
                0x00001142                __udivmodhi4
 .text.libgcc   0x0000116a        0x0 c:/arduino-1.8.19/hardware/tools/avr/bin/../lib/gcc/avr/7.3.0/avr5\libgcc.a(_udivmodhi4.o)
 .text.libgcc.prologue
                0x0000116a        0x0 c:/arduino-1.8.19/hardware/tools/avr/bin/../lib/gcc/avr/7.3.0/avr5\libgcc.a(_udivmodhi4.o)
 .text.libgcc.builtins
                0x0000116a        0x0 c:/arduino-1.8.19/hardware/tools/avr/bin/../lib/gcc/avr/7.3.0/avr5\libgcc.a(_udivmodhi4.o)
 .text.libgcc.fmul
                0x0000116a        0x0 c:/arduino-1.8.19/hardware/tools/avr/bin/../lib/gcc/avr/7.3.0/avr5\libgcc.a(_udivmodhi4.o)
 .text.libgcc.fixed
                0x0000116a        0x0 c:/arduino-1.8.19/hardware/tools/avr/bin/../lib/gcc/avr/7.3.0/avr5\libgcc.a(_udivmodhi4.o)
 .text.libgcc.mul
                0x0000116a        0x0 c:/arduino-1.8.19/hardware/tools/avr/bin/../lib/gcc/avr/7.3.0/avr5\libgcc.a(_divmodhi4.o)
 .text.libgcc.div
                0x0000116a       0x28 c:/arduino-1.8.19/hardware/tools/avr/bin/../lib/gcc/avr/7.3.0/avr5\libgcc.a(_divmodhi4.o)
                0x0000116a                _div
                0x0000116a                __divmodhi4
 .text.libgcc   0x00001192        0x0 c:/arduino-1.8.19/hardware/tools/avr/bin/../lib/gcc/avr/7.3.0/avr5\libgcc.a(_divmodhi4.o)
 .text.libgcc.prologue
                0x00001192        0x0 c:/arduino-1.8.19/hardware/tools/avr/bin/../lib/gcc/avr/7.3.0/avr5\libgcc.a(_divmodhi4.o)
 .text.libgcc.builtins
                0x00001192        0x0 c:/arduino-1.8.19/hardware/tools/avr/bin/../lib/gcc/avr/7.3.0/avr5\libgcc.a(_divmodhi4.o)
 .text.libgcc.fmul
                0x00001192        0x0 c:/arduino-1.8.19/hardware/tools/avr/bin/../lib/gcc/avr/7.3.0/avr5\libgcc.a(_divmodhi4.o)
 .text.libgcc.fixed
                0x00001192        0x0 c:/arduino-1.8.19/hardware/tools/avr/bin/../lib/gcc/avr/7.3.0/avr5\libgcc.a(_divmodhi4.o)
 .text.libgcc.mul
                0x00001192        0x0 c:/arduino-1.8.19/hardware/tools/avr/bin/../lib/gcc/avr/7.3.0/avr5\libgcc.a(_udivmodsi4.o)
 .text.libgcc.div
                0x00001192       0x44 c:/arduino-1.8.19/hardware/tools/avr/bin/../lib/gcc/avr/7.3.0/avr5\libgcc.a(_udivmodsi4.o)
                0x00001192                __udivmodsi4
 .text.libgcc   0x000011d6        0x0 c:/arduino-1.8.19/hardware/tools/avr/bin/../lib/gcc/avr/7.3.0/avr5\libgcc.a(_udivmodsi4.o)
 .text.libgcc.prologue
                0x000011d6        0x0 c:/arduino-1.8.19/hardware/tools/avr/bin/../lib/gcc/avr/7.3.0/avr5\libgcc.a(_udivmodsi4.o)
 .text.libgcc.builtins
                0x000011d6        0x0 c:/arduino-1.8.19/hardware/tools/avr/bin/../lib/gcc/avr/7.3.0/avr5\libgcc.a(_udivmodsi4.o)
 .text.libgcc.fmul
                0x000011d6        0x0 c:/arduino-1.8.19/hardware/tools/avr/bin/../lib/gcc/avr/7.3.0/avr5\libgcc.a(_udivmodsi4.o)
 .text.libgcc.fixed
                0x000011d6        0x0 c:/arduino-1.8.19/hardware/tools/avr/bin/../lib/gcc/avr/7.3.0/avr5\libgcc.a(_udivmodsi4.o)
 .text.libgcc.mul
                0x000011d6        0x0 c:/arduino-1.8.19/hardware/tools/avr/bin/../lib/gcc/avr/7.3.0/avr5\libgcc.a(_exit.o)
 .text.libgcc.div
                0x000011d6        0x0 c:/arduino-1.8.19/hardware/tools/avr/bin/../lib/gcc/avr/7.3.0/avr5\libgcc.a(_exit.o)
 .text.libgcc   0x000011d6        0x0 c:/arduino-1.8.19/hardware/tools/avr/bin/../lib/gcc/avr/7.3.0/avr5\libgcc.a(_exit.o)
 .text.libgcc.prologue
                0x000011d6        0x0 c:/arduino-1.8.19/hardware/tools/avr/bin/../lib/gcc/avr/7.3.0/avr5\libgcc.a(_exit.o)
 .text.libgcc.builtins
                0x000011d6        0x0 c:/arduino-1.8.19/hardware/tools/avr/bin/../lib/gcc/avr/7.3.0/avr5\libgcc.a(_exit.o)
 .text.libgcc.fmul
                0x000011d6        0x0 c:/arduino-1.8.19/hardware/tools/avr/bin/../lib/gcc/avr/7.3.0/avr5\libgcc.a(_exit.o)
 .text.libgcc.fixed
                0x000011d6        0x0 c:/arduino-1.8.19/hardware/tools/avr/bin/../lib/gcc/avr/7.3.0/avr5\libgcc.a(_exit.o)
 .text.libgcc.mul
                0x000011d6        0x0 c:/arduino-1.8.19/hardware/tools/avr/bin/../lib/gcc/avr/7.3.0/avr5\libgcc.a(_copy_data.o)
 .text.libgcc.div
                0x000011d6        0x0 c:/arduino-1.8.19/hardware/tools/avr/bin/../lib/gcc/avr/7.3.0/avr5\libgcc.a(_copy_data.o)
 .text.libgcc   0x000011d6        0x0 c:/arduino-1.8.19/hardware/tools/avr/bin/../lib/gcc/avr/7.3.0/avr5\libgcc.a(_copy_data.o)
 .text.libgcc.prologue
                0x000011d6        0x0 c:/arduino-1.8.19/hardware/tools/avr/bin/../lib/gcc/avr/7.3.0/avr5\libgcc.a(_copy_data.o)
 .text.libgcc.builtins
                0x000011d6        0x0 c:/arduino-1.8.19/hardware/tools/avr/bin/../lib/gcc/avr/7.3.0/avr5\libgcc.a(_copy_data.o)
 .text.libgcc.fmul
                0x000011d6        0x0 c:/arduino-1.8.19/hardware/tools/avr/bin/../lib/gcc/avr/7.3.0/avr5\libgcc.a(_copy_data.o)
 .text.libgcc.fixed
                0x000011d6        0x0 c:/arduino-1.8.19/hardware/tools/avr/bin/../lib/gcc/avr/7.3.0/avr5\libgcc.a(_copy_data.o)
 .text.libgcc.mul
                0x000011d6        0x0 c:/arduino-1.8.19/hardware/tools/avr/bin/../lib/gcc/avr/7.3.0/avr5\libgcc.a(_clear_bss.o)
 .text.libgcc.div
                0x000011d6        0x0 c:/arduino-1.8.19/hardware/tools/avr/bin/../lib/gcc/avr/7.3.0/avr5\libgcc.a(_clear_bss.o)
 .text.libgcc   0x000011d6        0x0 c:/arduino-1.8.19/hardware/tools/avr/bin/../lib/gcc/avr/7.3.0/avr5\libgcc.a(_clear_bss.o)
 .text.libgcc.prologue
                0x000011d6        0x0 c:/arduino-1.8.19/hardware/tools/avr/bin/../lib/gcc/avr/7.3.0/avr5\libgcc.a(_clear_bss.o)
 .text.libgcc.builtins
                0x000011d6        0x0 c:/arduino-1.8.19/hardware/tools/avr/bin/../lib/gcc/avr/7.3.0/avr5\libgcc.a(_clear_bss.o)
 .text.libgcc.fmul
                0x000011d6        0x0 c:/arduino-1.8.19/hardware/tools/avr/bin/../lib/gcc/avr/7.3.0/avr5\libgcc.a(_clear_bss.o)
 .text.libgcc.fixed
                0x000011d6        0x0 c:/arduino-1.8.19/hardware/tools/avr/bin/../lib/gcc/avr/7.3.0/avr5\libgcc.a(_clear_bss.o)
 .text.libgcc.mul
                0x000011d6       0x1e c:/arduino-1.8.19/hardware/tools/avr/bin/../lib/gcc/avr/7.3.0/avr5\libgcc.a(_umulhisi3.o)
                0x000011d6                __umulhisi3
 .text.libgcc.div
                0x000011f4        0x0 c:/arduino-1.8.19/hardware/tools/avr/bin/../lib/gcc/avr/7.3.0/avr5\libgcc.a(_umulhisi3.o)
 .text.libgcc   0x000011f4        0x0 c:/arduino-1.8.19/hardware/tools/avr/bin/../lib/gcc/avr/7.3.0/avr5\libgcc.a(_umulhisi3.o)
 .text.libgcc.prologue
                0x000011f4        0x0 c:/arduino-1.8.19/hardware/tools/avr/bin/../lib/gcc/avr/7.3.0/avr5\libgcc.a(_umulhisi3.o)
 .text.libgcc.builtins
                0x000011f4        0x0 c:/arduino-1.8.19/hardware/tools/avr/bin/../lib/gcc/avr/7.3.0/avr5\libgcc.a(_umulhisi3.o)
 .text.libgcc.fmul
                0x000011f4        0x0 c:/arduino-1.8.19/hardware/tools/avr/bin/../lib/gcc/avr/7.3.0/avr5\libgcc.a(_umulhisi3.o)
 .text.libgcc.fixed
                0x000011f4        0x0 c:/arduino-1.8.19/hardware/tools/avr/bin/../lib/gcc/avr/7.3.0/avr5\libgcc.a(_umulhisi3.o)
 .text.libgcc.mul
                0x000011f4       0x16 c:/arduino-1.8.19/hardware/tools/avr/bin/../lib/gcc/avr/7.3.0/avr5\libgcc.a(_muluhisi3.o)
                0x000011f4                __muluhisi3
 .text.libgcc.div
                0x0000120a        0x0 c:/arduino-1.8.19/hardware/tools/avr/bin/../lib/gcc/avr/7.3.0/avr5\libgcc.a(_muluhisi3.o)
 .text.libgcc   0x0000120a        0x0 c:/arduino-1.8.19/hardware/tools/avr/bin/../lib/gcc/avr/7.3.0/avr5\libgcc.a(_muluhisi3.o)
 .text.libgcc.prologue
                0x0000120a        0x0 c:/arduino-1.8.19/hardware/tools/avr/bin/../lib/gcc/avr/7.3.0/avr5\libgcc.a(_muluhisi3.o)
 .text.libgcc.builtins
                0x0000120a        0x0 c:/arduino-1.8.19/hardware/tools/avr/bin/../lib/gcc/avr/7.3.0/avr5\libgcc.a(_muluhisi3.o)
 .text.libgcc.fmul
                0x0000120a        0x0 c:/arduino-1.8.19/hardware/tools/avr/bin/../lib/gcc/avr/7.3.0/avr5\libgcc.a(_muluhisi3.o)
 .text.libgcc.fixed
                0x0000120a        0x0 c:/arduino-1.8.19/hardware/tools/avr/bin/../lib/gcc/avr/7.3.0/avr5\libgcc.a(_muluhisi3.o)
                0x0000120a                . = ALIGN (0x2)
 *(.fini9)
 .fini9         0x0000120a        0x0 c:/arduino-1.8.19/hardware/tools/avr/bin/../lib/gcc/avr/7.3.0/avr5\libgcc.a(_exit.o)
                0x0000120a                _exit
                0x0000120a                exit
 *(.fini9)
 *(.fini8)
 *(.fini8)
 *(.fini7)
 *(.fini7)
 *(.fini6)
 *(.fini6)
 *(.fini5)
 *(.fini5)
 *(.fini4)
 *(.fini4)
 *(.fini3)
 *(.fini3)
 *(.fini2)
 *(.fini2)
 *(.fini1)
 *(.fini1)
 *(.fini0)
 .fini0         0x0000120a        0x4 c:/arduino-1.8.19/hardware/tools/avr/bin/../lib/gcc/avr/7.3.0/avr5\libgcc.a(_exit.o)
 *(.fini0)
                0x0000120e                _etext = .

.data           0x00800100      0x11a load address 0x0000120e
                0x00800100                PROVIDE (__data_start, .)
 *(.data)
 .data          0x00800100        0x0 c:/arduino-1.8.19/hardware/tools/avr/bin/../lib/gcc/avr/7.3.0/../../../../avr/lib/avr5/crtatmega328p.o
 .data          0x00800100        0x0 robokargame.o
 .data          0x00800100        0x0 C:\RTprog2023\obj\hal_robo.o
 .data          0x00800100      0x108 C:\RTprog2023\obj\kernel.o
                0x00800100                OSUnMapTbl
                0x00800200                OSMapTbl
 .data          0x00800208        0x0 c:/arduino-1.8.19/hardware/tools/avr/bin/../lib/gcc/avr/7.3.0/avr5\libgcc.a(_udivmodhi4.o)
 .data          0x00800208        0x0 c:/arduino-1.8.19/hardware/tools/avr/bin/../lib/gcc/avr/7.3.0/avr5\libgcc.a(_divmodhi4.o)
 .data          0x00800208        0x0 c:/arduino-1.8.19/hardware/tools/avr/bin/../lib/gcc/avr/7.3.0/avr5\libgcc.a(_udivmodsi4.o)
 .data          0x00800208        0x0 c:/arduino-1.8.19/hardware/tools/avr/bin/../lib/gcc/avr/7.3.0/avr5\libgcc.a(_exit.o)
 .data          0x00800208        0x0 c:/arduino-1.8.19/hardware/tools/avr/bin/../lib/gcc/avr/7.3.0/avr5\libgcc.a(_copy_data.o)
 .data          0x00800208        0x0 c:/arduino-1.8.19/hardware/tools/avr/bin/../lib/gcc/avr/7.3.0/avr5\libgcc.a(_clear_bss.o)
 .data          0x00800208        0x0 c:/arduino-1.8.19/hardware/tools/avr/bin/../lib/gcc/avr/7.3.0/avr5\libgcc.a(_umulhisi3.o)
 .data          0x00800208        0x0 c:/arduino-1.8.19/hardware/tools/avr/bin/../lib/gcc/avr/7.3.0/avr5\libgcc.a(_muluhisi3.o)
 *(.data*)
 *(.gnu.linkonce.d*)
 *(.rodata)
 .rodata        0x00800208       0x11 C:\RTprog2023\obj\hal_robo.o
 *(.rodata*)
 *(.gnu.linkonce.r*)
                0x0080021a                . = ALIGN (0x2)
 *fill*         0x00800219        0x1 
                0x0080021a                _edata = .
                0x0080021a                PROVIDE (__data_end, .)

.bss            0x0080021a      0x389
                0x0080021a                PROVIDE (__bss_start, .)
 *(.bss)
 .bss           0x0080021a        0x0 c:/arduino-1.8.19/hardware/tools/avr/bin/../lib/gcc/avr/7.3.0/../../../../avr/lib/avr5/crtatmega328p.o
 .bss           0x0080021a        0x0 robokargame.o
 .bss           0x0080021a        0x0 C:\RTprog2023\obj\hal_robo.o
 .bss           0x0080021a        0x0 C:\RTprog2023\obj\kernel.o
 .bss           0x0080021a        0x0 c:/arduino-1.8.19/hardware/tools/avr/bin/../lib/gcc/avr/7.3.0/avr5\libgcc.a(_udivmodhi4.o)
 .bss           0x0080021a        0x0 c:/arduino-1.8.19/hardware/tools/avr/bin/../lib/gcc/avr/7.3.0/avr5\libgcc.a(_divmodhi4.o)
 .bss           0x0080021a        0x0 c:/arduino-1.8.19/hardware/tools/avr/bin/../lib/gcc/avr/7.3.0/avr5\libgcc.a(_udivmodsi4.o)
 .bss           0x0080021a        0x0 c:/arduino-1.8.19/hardware/tools/avr/bin/../lib/gcc/avr/7.3.0/avr5\libgcc.a(_exit.o)
 .bss           0x0080021a        0x0 c:/arduino-1.8.19/hardware/tools/avr/bin/../lib/gcc/avr/7.3.0/avr5\libgcc.a(_copy_data.o)
 .bss           0x0080021a        0x0 c:/arduino-1.8.19/hardware/tools/avr/bin/../lib/gcc/avr/7.3.0/avr5\libgcc.a(_clear_bss.o)
 .bss           0x0080021a        0x0 c:/arduino-1.8.19/hardware/tools/avr/bin/../lib/gcc/avr/7.3.0/avr5\libgcc.a(_umulhisi3.o)
 .bss           0x0080021a        0x0 c:/arduino-1.8.19/hardware/tools/avr/bin/../lib/gcc/avr/7.3.0/avr5\libgcc.a(_muluhisi3.o)
 *(.bss*)
 *(COMMON)
 COMMON         0x0080021a      0x205 robokargame.o
                0x0080021a                ChkCollideStk
                0x0080029a                myrobot
                0x0080029f                CtrlmotorStk
                0x0080031f                TaskStartStk
                0x0080039f                NavigStk
 COMMON         0x0080041f        0x8 C:\RTprog2023\obj\hal_robo.o
                0x0080041f                rightWst
                0x00800423                leftWst
 COMMON         0x00800427      0x17c C:\RTprog2023\obj\kernel.o
                0x00800427                OSLockNesting
                0x00800428                OSRunning
                0x00800429                OSIdleCtr
                0x0080042d                OSPrioHighRdy
                0x0080042e                OSPrioCur
                0x0080042f                OSTCBList
                0x00800431                OSCtxSwCtr
                0x00800435                OSTCBFreeList
                0x00800437                OSTaskCtr
                0x00800438                OSTCBHighRdy
                0x0080043a                OSRdyGrp
                0x0080043b                OSRdyTbl
                0x0080043e                OSIntExitY
                0x0080043f                OSIntNesting
                0x00800440                OSTCBCur
                0x00800442                OSTaskIdleStk
                0x00800482                OSTCBTbl
                0x00800581                OSTCBPrioTbl
                0x008005a3                PROVIDE (__bss_end, .)
                0x0000120e                __data_load_start = LOADADDR (.data)
                0x00001328                __data_load_end = (__data_load_start + SIZEOF (.data))

.noinit         0x008005a3        0x0
                [!provide]                PROVIDE (__noinit_start, .)
 *(.noinit*)
                [!provide]                PROVIDE (__noinit_end, .)
                0x008005a3                _end = .
                [!provide]                PROVIDE (__heap_start, .)

.eeprom         0x00810000        0x0
 *(.eeprom*)
                0x00810000                __eeprom_end = .

.fuse
 *(.fuse)
 *(.lfuse)
 *(.hfuse)
 *(.efuse)

.lock
 *(.lock*)

.signature
 *(.signature*)

.user_signatures
 *(.user_signatures*)

.stab
 *(.stab)

.stabstr
 *(.stabstr)

.stab.excl
 *(.stab.excl)

.stab.exclstr
 *(.stab.exclstr)

.stab.index
 *(.stab.index)

.stab.indexstr
 *(.stab.indexstr)

.comment        0x00000000       0x11
 *(.comment)
 .comment       0x00000000       0x11 robokargame.o
                                 0x12 (size before relaxing)
 .comment       0x00000011       0x12 C:\RTprog2023\obj\hal_robo.o
 .comment       0x00000011       0x24 C:\RTprog2023\obj\kernel.o

.note.gnu.avr.deviceinfo
                0x00000000       0x40
 .note.gnu.avr.deviceinfo
                0x00000000       0x40 c:/arduino-1.8.19/hardware/tools/avr/bin/../lib/gcc/avr/7.3.0/../../../../avr/lib/avr5/crtatmega328p.o

.note.gnu.build-id
 *(.note.gnu.build-id)

.debug
 *(.debug)

.line
 *(.line)

.debug_srcinfo
 *(.debug_srcinfo)

.debug_sfnames
 *(.debug_sfnames)

.debug_aranges  0x00000000      0x148
 *(.debug_aranges)
 .debug_aranges
                0x00000000       0x28 robokargame.o
 .debug_aranges
                0x00000028       0x20 C:\RTprog2023\obj\kernel.o
 .debug_aranges
                0x00000048       0x20 c:/arduino-1.8.19/hardware/tools/avr/bin/../lib/gcc/avr/7.3.0/avr5\libgcc.a(_udivmodhi4.o)
 .debug_aranges
                0x00000068       0x20 c:/arduino-1.8.19/hardware/tools/avr/bin/../lib/gcc/avr/7.3.0/avr5\libgcc.a(_divmodhi4.o)
 .debug_aranges
                0x00000088       0x20 c:/arduino-1.8.19/hardware/tools/avr/bin/../lib/gcc/avr/7.3.0/avr5\libgcc.a(_udivmodsi4.o)
 .debug_aranges
                0x000000a8       0x20 c:/arduino-1.8.19/hardware/tools/avr/bin/../lib/gcc/avr/7.3.0/avr5\libgcc.a(_exit.o)
 .debug_aranges
                0x000000c8       0x20 c:/arduino-1.8.19/hardware/tools/avr/bin/../lib/gcc/avr/7.3.0/avr5\libgcc.a(_copy_data.o)
 .debug_aranges
                0x000000e8       0x20 c:/arduino-1.8.19/hardware/tools/avr/bin/../lib/gcc/avr/7.3.0/avr5\libgcc.a(_clear_bss.o)
 .debug_aranges
                0x00000108       0x20 c:/arduino-1.8.19/hardware/tools/avr/bin/../lib/gcc/avr/7.3.0/avr5\libgcc.a(_umulhisi3.o)
 .debug_aranges
                0x00000128       0x20 c:/arduino-1.8.19/hardware/tools/avr/bin/../lib/gcc/avr/7.3.0/avr5\libgcc.a(_muluhisi3.o)

.debug_pubnames
 *(.debug_pubnames)

.debug_info     0x00000000     0x145e
 *(.debug_info .gnu.linkonce.wi.*)
 .debug_info    0x00000000      0x5f4 c:/arduino-1.8.19/hardware/tools/avr/bin/../lib/gcc/avr/7.3.0/../../../../avr/lib/avr5/crtatmega328p.o
 .debug_info    0x000005f4      0x809 robokargame.o
 .debug_info    0x00000dfd       0x89 C:\RTprog2023\obj\kernel.o
 .debug_info    0x00000e86       0xbb c:/arduino-1.8.19/hardware/tools/avr/bin/../lib/gcc/avr/7.3.0/avr5\libgcc.a(_udivmodhi4.o)
 .debug_info    0x00000f41       0xbb c:/arduino-1.8.19/hardware/tools/avr/bin/../lib/gcc/avr/7.3.0/avr5\libgcc.a(_divmodhi4.o)
 .debug_info    0x00000ffc       0xbb c:/arduino-1.8.19/hardware/tools/avr/bin/../lib/gcc/avr/7.3.0/avr5\libgcc.a(_udivmodsi4.o)
 .debug_info    0x000010b7       0xbb c:/arduino-1.8.19/hardware/tools/avr/bin/../lib/gcc/avr/7.3.0/avr5\libgcc.a(_exit.o)
 .debug_info    0x00001172       0xbb c:/arduino-1.8.19/hardware/tools/avr/bin/../lib/gcc/avr/7.3.0/avr5\libgcc.a(_copy_data.o)
 .debug_info    0x0000122d       0xbb c:/arduino-1.8.19/hardware/tools/avr/bin/../lib/gcc/avr/7.3.0/avr5\libgcc.a(_clear_bss.o)
 .debug_info    0x000012e8       0xbb c:/arduino-1.8.19/hardware/tools/avr/bin/../lib/gcc/avr/7.3.0/avr5\libgcc.a(_umulhisi3.o)
 .debug_info    0x000013a3       0xbb c:/arduino-1.8.19/hardware/tools/avr/bin/../lib/gcc/avr/7.3.0/avr5\libgcc.a(_muluhisi3.o)

.debug_abbrev   0x00000000      0x815
 *(.debug_abbrev)
 .debug_abbrev  0x00000000      0x5a2 c:/arduino-1.8.19/hardware/tools/avr/bin/../lib/gcc/avr/7.3.0/../../../../avr/lib/avr5/crtatmega328p.o
 .debug_abbrev  0x000005a2      0x1bf robokargame.o
 .debug_abbrev  0x00000761       0x14 C:\RTprog2023\obj\kernel.o
 .debug_abbrev  0x00000775       0x14 c:/arduino-1.8.19/hardware/tools/avr/bin/../lib/gcc/avr/7.3.0/avr5\libgcc.a(_udivmodhi4.o)
 .debug_abbrev  0x00000789       0x14 c:/arduino-1.8.19/hardware/tools/avr/bin/../lib/gcc/avr/7.3.0/avr5\libgcc.a(_divmodhi4.o)
 .debug_abbrev  0x0000079d       0x14 c:/arduino-1.8.19/hardware/tools/avr/bin/../lib/gcc/avr/7.3.0/avr5\libgcc.a(_udivmodsi4.o)
 .debug_abbrev  0x000007b1       0x14 c:/arduino-1.8.19/hardware/tools/avr/bin/../lib/gcc/avr/7.3.0/avr5\libgcc.a(_exit.o)
 .debug_abbrev  0x000007c5       0x14 c:/arduino-1.8.19/hardware/tools/avr/bin/../lib/gcc/avr/7.3.0/avr5\libgcc.a(_copy_data.o)
 .debug_abbrev  0x000007d9       0x14 c:/arduino-1.8.19/hardware/tools/avr/bin/../lib/gcc/avr/7.3.0/avr5\libgcc.a(_clear_bss.o)
 .debug_abbrev  0x000007ed       0x14 c:/arduino-1.8.19/hardware/tools/avr/bin/../lib/gcc/avr/7.3.0/avr5\libgcc.a(_umulhisi3.o)
 .debug_abbrev  0x00000801       0x14 c:/arduino-1.8.19/hardware/tools/avr/bin/../lib/gcc/avr/7.3.0/avr5\libgcc.a(_muluhisi3.o)

.debug_line     0x00000000      0xa16
 *(.debug_line .debug_line.* .debug_line_end)
 .debug_line    0x00000000       0x1a c:/arduino-1.8.19/hardware/tools/avr/bin/../lib/gcc/avr/7.3.0/../../../../avr/lib/avr5/crtatmega328p.o
 .debug_line    0x0000001a      0x295 robokargame.o
 .debug_line    0x000002af      0x1ed C:\RTprog2023\obj\kernel.o
 .debug_line    0x0000049c       0xce c:/arduino-1.8.19/hardware/tools/avr/bin/../lib/gcc/avr/7.3.0/avr5\libgcc.a(_udivmodhi4.o)
 .debug_line    0x0000056a       0xc8 c:/arduino-1.8.19/hardware/tools/avr/bin/../lib/gcc/avr/7.3.0/avr5\libgcc.a(_divmodhi4.o)
 .debug_line    0x00000632      0x122 c:/arduino-1.8.19/hardware/tools/avr/bin/../lib/gcc/avr/7.3.0/avr5\libgcc.a(_udivmodsi4.o)
 .debug_line    0x00000754       0x62 c:/arduino-1.8.19/hardware/tools/avr/bin/../lib/gcc/avr/7.3.0/avr5\libgcc.a(_exit.o)
 .debug_line    0x000007b6       0x98 c:/arduino-1.8.19/hardware/tools/avr/bin/../lib/gcc/avr/7.3.0/avr5\libgcc.a(_copy_data.o)
 .debug_line    0x0000084e       0x86 c:/arduino-1.8.19/hardware/tools/avr/bin/../lib/gcc/avr/7.3.0/avr5\libgcc.a(_clear_bss.o)
 .debug_line    0x000008d4       0xb0 c:/arduino-1.8.19/hardware/tools/avr/bin/../lib/gcc/avr/7.3.0/avr5\libgcc.a(_umulhisi3.o)
 .debug_line    0x00000984       0x92 c:/arduino-1.8.19/hardware/tools/avr/bin/../lib/gcc/avr/7.3.0/avr5\libgcc.a(_muluhisi3.o)

.debug_frame    0x00000000       0x64
 *(.debug_frame)
 .debug_frame   0x00000000       0x64 robokargame.o

.debug_str      0x00000000      0x621
 *(.debug_str)
 .debug_str     0x00000000      0x208 c:/arduino-1.8.19/hardware/tools/avr/bin/../lib/gcc/avr/7.3.0/../../../../avr/lib/avr5/crtatmega328p.o
 .debug_str     0x00000208      0x419 robokargame.o
                                0x457 (size before relaxing)

.debug_loc      0x00000000       0xa0
 *(.debug_loc)
 .debug_loc     0x00000000       0xa0 robokargame.o

.debug_macinfo
 *(.debug_macinfo)

.debug_weaknames
 *(.debug_weaknames)

.debug_funcnames
 *(.debug_funcnames)

.debug_typenames
 *(.debug_typenames)

.debug_varnames
 *(.debug_varnames)

.debug_pubtypes
 *(.debug_pubtypes)

.debug_ranges   0x00000000       0x18
 *(.debug_ranges)
 .debug_ranges  0x00000000       0x18 robokargame.o

.debug_macro
 *(.debug_macro)
OUTPUT(robokargame.elf elf32-avr)
LOAD linker stubs
